// Jest Snapshot v1, https://goo.gl/fbAQLP

exports[`Button component basic snapshot 1`] = `
<DocumentFragment>
  .c0 {
  height: 36px;
  border-radius: 6px;
  color: #6b7480 !important;
  border: 1px solid;
  border-color: #6b7480;
  padding: 0px 20px;
  display: -webkit-box;
  display: -webkit-flex;
  display: -ms-flexbox;
  display: flex;
  -webkit-align-items: center;
  -webkit-box-align: center;
  -ms-flex-align: center;
  align-items: center;
  background-color: #25262a;
  cursor: pointer;
  -webkit-transition: boxShadow .25s ease;
  transition: boxShadow .25s ease;
  font-family: Nunito Sans,sans-serif;
  color: #FFFFFF;
}

.c0 svg {
  height: 15px;
  width: 15px;
  margin-right: 5px;
  fill: #6b7480;
}

.c0:hover,
.c0:focus {
  box-shadow: 0 0 2px 3px #6b748090;
}

<button
    class="c0"
    color="#FFFFFF"
  />
</DocumentFragment>
`;
